Enable a plugin version

Usage: pact-plugin enable <NAME> [VERSION]

Arguments:
  <NAME>     Plugin name
  [VERSION]  Plugin version. Not required if there is only one plugin version

Options:
  -h, --help  Print help
