Print out the Pact plugin environment config

Usage: pact-plugin env

Options:
  -h, --help  Print help
