List installed or available plugins

Usage: pact-plugin list <COMMAND>

Commands:
  installed  List installed plugins
  known      List known plugins
  help       Print this message or the help of the given subcommand(s)

Options:
  -h, --help  Print help
